Performing C SOURCE FILE Test CMAKE_HAVE_LIBC_PTHREAD failed with the following output:
Change Dir: /home/yubowen/BaseRos/catkin_ws/build/CMakeFiles/CMakeTmp

Run Build Command(s):/usr/bin/make cmTC_9047f/fast && /usr/bin/make -f CMakeFiles/cmTC_9047f.dir/build.make CMakeFiles/cmTC_9047f.dir/build
make[1]: 进入目录“/home/yubowen/BaseRos/catkin_ws/build/CMakeFiles/CMakeTmp”
Building C object CMakeFiles/cmTC_9047f.dir/src.c.o
/usr/bin/cc   -DCMAKE_HAVE_LIBC_PTHREAD   -o CMakeFiles/cmTC_9047f.dir/src.c.o   -c /home/yubowen/BaseRos/catkin_ws/build/CMakeFiles/CMakeTmp/src.c
Linking C executable cmTC_9047f
/usr/bin/cmake -E cmake_link_script CMakeFiles/cmTC_9047f.dir/link.txt --verbose=1
/usr/bin/cc  -DCMAKE_HAVE_LIBC_PTHREAD    -rdynamic CMakeFiles/cmTC_9047f.dir/src.c.o  -o cmTC_9047f 
/usr/bin/ld: CMakeFiles/cmTC_9047f.dir/src.c.o: in function `main':
src.c:(.text+0x46): undefined reference to `pthread_create'
/usr/bin/ld: src.c:(.text+0x52): undefined reference to `pthread_detach'
/usr/bin/ld: src.c:(.text+0x63): undefined reference to `pthread_join'
collect2: error: ld returned 1 exit status
make[1]: *** [CMakeFiles/cmTC_9047f.dir/build.make:87：cmTC_9047f] 错误 1
make[1]: 离开目录“/home/yubowen/BaseRos/catkin_ws/build/CMakeFiles/CMakeTmp”
make: *** [Makefile:121：cmTC_9047f/fast] 错误 2


Source file was:
#include <pthread.h>

void* test_func(void* data)
{
  return data;
}

int main(void)
{
  pthread_t thread;
  pthread_create(&thread, NULL, test_func, NULL);
  pthread_detach(thread);
  pthread_join(thread, NULL);
  pthread_atfork(NULL, NULL, NULL);
  pthread_exit(NULL);

  return 0;
}

Determining if the function pthread_create exists in the pthreads failed with the following output:
Change Dir: /home/yubowen/BaseRos/catkin_ws/build/CMakeFiles/CMakeTmp

Run Build Command(s):/usr/bin/make cmTC_23445/fast && /usr/bin/make -f CMakeFiles/cmTC_23445.dir/build.make CMakeFiles/cmTC_23445.dir/build
make[1]: 进入目录“/home/yubowen/BaseRos/catkin_ws/build/CMakeFiles/CMakeTmp”
Building C object CMakeFiles/cmTC_23445.dir/CheckFunctionExists.c.o
/usr/bin/cc   -DCHECK_FUNCTION_EXISTS=pthread_create   -o CMakeFiles/cmTC_23445.dir/CheckFunctionExists.c.o   -c /usr/share/cmake-3.16/Modules/CheckFunctionExists.c
Linking C executable cmTC_23445
/usr/bin/cmake -E cmake_link_script CMakeFiles/cmTC_23445.dir/link.txt --verbose=1
/usr/bin/cc  -DCHECK_FUNCTION_EXISTS=pthread_create    -rdynamic CMakeFiles/cmTC_23445.dir/CheckFunctionExists.c.o  -o cmTC_23445  -lpthreads 
/usr/bin/ld: 找不到 -lpthreads
collect2: error: ld returned 1 exit status
make[1]: *** [CMakeFiles/cmTC_23445.dir/build.make:87：cmTC_23445] 错误 1
make[1]: 离开目录“/home/yubowen/BaseRos/catkin_ws/build/CMakeFiles/CMakeTmp”
make: *** [Makefile:121：cmTC_23445/fast] 错误 2



Determining if the CL_VERSION_2_0 exist failed with the following output:
Change Dir: /home/yubowen/BaseRos/catkin_ws/build/CMakeFiles/CMakeTmp

Run Build Command(s):/usr/bin/make cmTC_ac039/fast && /usr/bin/make -f CMakeFiles/cmTC_ac039.dir/build.make CMakeFiles/cmTC_ac039.dir/build
make[1]: 进入目录“/home/yubowen/BaseRos/catkin_ws/build/CMakeFiles/CMakeTmp”
Building C object CMakeFiles/cmTC_ac039.dir/CheckSymbolExists.c.o
/usr/bin/cc    -o CMakeFiles/cmTC_ac039.dir/CheckSymbolExists.c.o   -c /home/yubowen/BaseRos/catkin_ws/build/CMakeFiles/CMakeTmp/CheckSymbolExists.c
/home/yubowen/BaseRos/catkin_ws/build/CMakeFiles/CMakeTmp/CheckSymbolExists.c:2:10: fatal error: OpenCL_INCLUDE_DIR-NOTFOUND/CL/cl.h: 没有那个文件或目录
    2 | #include <OpenCL_INCLUDE_DIR-NOTFOUND/CL/cl.h>
      |          ^~~~~~~~~~~~~~~~~~~~~~~~~~~~~~~~~~~~~
compilation terminated.
make[1]: *** [CMakeFiles/cmTC_ac039.dir/build.make:66：CMakeFiles/cmTC_ac039.dir/CheckSymbolExists.c.o] 错误 1
make[1]: 离开目录“/home/yubowen/BaseRos/catkin_ws/build/CMakeFiles/CMakeTmp”
make: *** [Makefile:121：cmTC_ac039/fast] 错误 2


File /home/yubowen/BaseRos/catkin_ws/build/CMakeFiles/CMakeTmp/CheckSymbolExists.c:
/* */
#include <OpenCL_INCLUDE_DIR-NOTFOUND/CL/cl.h>

int main(int argc, char** argv)
{
  (void)argv;
#ifndef CL_VERSION_2_0
  return ((int*)(&CL_VERSION_2_0))[argc];
#else
  (void)argc;
  return 0;
#endif
}
Determining if the CL_VERSION_1_2 exist failed with the following output:
Change Dir: /home/yubowen/BaseRos/catkin_ws/build/CMakeFiles/CMakeTmp

Run Build Command(s):/usr/bin/make cmTC_74f14/fast && /usr/bin/make -f CMakeFiles/cmTC_74f14.dir/build.make CMakeFiles/cmTC_74f14.dir/build
make[1]: 进入目录“/home/yubowen/BaseRos/catkin_ws/build/CMakeFiles/CMakeTmp”
Building C object CMakeFiles/cmTC_74f14.dir/CheckSymbolExists.c.o
/usr/bin/cc    -o CMakeFiles/cmTC_74f14.dir/CheckSymbolExists.c.o   -c /home/yubowen/BaseRos/catkin_ws/build/CMakeFiles/CMakeTmp/CheckSymbolExists.c
/home/yubowen/BaseRos/catkin_ws/build/CMakeFiles/CMakeTmp/CheckSymbolExists.c:2:10: fatal error: OpenCL_INCLUDE_DIR-NOTFOUND/CL/cl.h: 没有那个文件或目录
    2 | #include <OpenCL_INCLUDE_DIR-NOTFOUND/CL/cl.h>
      |          ^~~~~~~~~~~~~~~~~~~~~~~~~~~~~~~~~~~~~
compilation terminated.
make[1]: *** [CMakeFiles/cmTC_74f14.dir/build.make:66：CMakeFiles/cmTC_74f14.dir/CheckSymbolExists.c.o] 错误 1
make[1]: 离开目录“/home/yubowen/BaseRos/catkin_ws/build/CMakeFiles/CMakeTmp”
make: *** [Makefile:121：cmTC_74f14/fast] 错误 2


File /home/yubowen/BaseRos/catkin_ws/build/CMakeFiles/CMakeTmp/CheckSymbolExists.c:
/* */
#include <OpenCL_INCLUDE_DIR-NOTFOUND/CL/cl.h>

int main(int argc, char** argv)
{
  (void)argv;
#ifndef CL_VERSION_1_2
  return ((int*)(&CL_VERSION_1_2))[argc];
#else
  (void)argc;
  return 0;
#endif
}
Determining if the CL_VERSION_1_1 exist failed with the following output:
Change Dir: /home/yubowen/BaseRos/catkin_ws/build/CMakeFiles/CMakeTmp

Run Build Command(s):/usr/bin/make cmTC_0abb9/fast && /usr/bin/make -f CMakeFiles/cmTC_0abb9.dir/build.make CMakeFiles/cmTC_0abb9.dir/build
make[1]: 进入目录“/home/yubowen/BaseRos/catkin_ws/build/CMakeFiles/CMakeTmp”
Building C object CMakeFiles/cmTC_0abb9.dir/CheckSymbolExists.c.o
/usr/bin/cc    -o CMakeFiles/cmTC_0abb9.dir/CheckSymbolExists.c.o   -c /home/yubowen/BaseRos/catkin_ws/build/CMakeFiles/CMakeTmp/CheckSymbolExists.c
/home/yubowen/BaseRos/catkin_ws/build/CMakeFiles/CMakeTmp/CheckSymbolExists.c:2:10: fatal error: OpenCL_INCLUDE_DIR-NOTFOUND/CL/cl.h: 没有那个文件或目录
    2 | #include <OpenCL_INCLUDE_DIR-NOTFOUND/CL/cl.h>
      |          ^~~~~~~~~~~~~~~~~~~~~~~~~~~~~~~~~~~~~
compilation terminated.
make[1]: *** [CMakeFiles/cmTC_0abb9.dir/build.make:66：CMakeFiles/cmTC_0abb9.dir/CheckSymbolExists.c.o] 错误 1
make[1]: 离开目录“/home/yubowen/BaseRos/catkin_ws/build/CMakeFiles/CMakeTmp”
make: *** [Makefile:121：cmTC_0abb9/fast] 错误 2


File /home/yubowen/BaseRos/catkin_ws/build/CMakeFiles/CMakeTmp/CheckSymbolExists.c:
/* */
#include <OpenCL_INCLUDE_DIR-NOTFOUND/CL/cl.h>

int main(int argc, char** argv)
{
  (void)argv;
#ifndef CL_VERSION_1_1
  return ((int*)(&CL_VERSION_1_1))[argc];
#else
  (void)argc;
  return 0;
#endif
}
Determining if the CL_VERSION_1_0 exist failed with the following output:
Change Dir: /home/yubowen/BaseRos/catkin_ws/build/CMakeFiles/CMakeTmp

Run Build Command(s):/usr/bin/make cmTC_9ce4d/fast && /usr/bin/make -f CMakeFiles/cmTC_9ce4d.dir/build.make CMakeFiles/cmTC_9ce4d.dir/build
make[1]: 进入目录“/home/yubowen/BaseRos/catkin_ws/build/CMakeFiles/CMakeTmp”
Building C object CMakeFiles/cmTC_9ce4d.dir/CheckSymbolExists.c.o
/usr/bin/cc    -o CMakeFiles/cmTC_9ce4d.dir/CheckSymbolExists.c.o   -c /home/yubowen/BaseRos/catkin_ws/build/CMakeFiles/CMakeTmp/CheckSymbolExists.c
/home/yubowen/BaseRos/catkin_ws/build/CMakeFiles/CMakeTmp/CheckSymbolExists.c:2:10: fatal error: OpenCL_INCLUDE_DIR-NOTFOUND/CL/cl.h: 没有那个文件或目录
    2 | #include <OpenCL_INCLUDE_DIR-NOTFOUND/CL/cl.h>
      |          ^~~~~~~~~~~~~~~~~~~~~~~~~~~~~~~~~~~~~
compilation terminated.
make[1]: *** [CMakeFiles/cmTC_9ce4d.dir/build.make:66：CMakeFiles/cmTC_9ce4d.dir/CheckSymbolExists.c.o] 错误 1
make[1]: 离开目录“/home/yubowen/BaseRos/catkin_ws/build/CMakeFiles/CMakeTmp”
make: *** [Makefile:121：cmTC_9ce4d/fast] 错误 2


File /home/yubowen/BaseRos/catkin_ws/build/CMakeFiles/CMakeTmp/CheckSymbolExists.c:
/* */
#include <OpenCL_INCLUDE_DIR-NOTFOUND/CL/cl.h>

int main(int argc, char** argv)
{
  (void)argv;
#ifndef CL_VERSION_1_0
  return ((int*)(&CL_VERSION_1_0))[argc];
#else
  (void)argc;
  return 0;
#endif
}
